---
source: tests/parse-json-docs/main.rs
expression: "local_items.iter().map(|item| item.to_string()).collect::<Vec<_>>()"
---
[
    "(376) integration                                                  [Module]",
    "(373) integration::ACONSTANT                                       [Constant]",
    "(374) integration::ASTATIC                                         [Constant]",
    "(321) integration::ATrait                                          [Trait]",
    "(366) integration::ATraitWithGAT                                   [Trait]",
    "(001) integration::AUnitStruct                                     [Struct]",
    "(116) integration::FieldsNamedStruct                               [Struct]",
    "(375) integration::a_decl_macro                                    [MacroDecl]",
    "(353) integration::func_dyn_trait                                  [Function]",
    "(354) integration::func_dyn_trait2                                 [Function]",
    "(361) integration::func_fn_pointer_impl_trait                      [Function]",
    "(367) integration::func_hrtb                                       [Function]",
    "(358) integration::func_lifetime_bounds                            [Function]",
    "(355) integration::func_primitive                                  [Function]",
    "(363) integration::func_qualified_path                             [Function]",
    "(359) integration::func_trait_bounds                               [Function]",
    "(356) integration::func_tuple_array_slice                          [Function]",
    "(351) integration::func_with_1arg                                  [Function]",
    "(352) integration::func_with_1arg_and_ret                          [Function]",
    "(357) integration::func_with_const                                 [Function]",
    "(350) integration::func_with_no_args                               [Function]",
    "(370) integration::no_synthetic                                    [Function]",
    "(306) integration::structs                                         [Module]",
    "(230) integration::structs::Named                                  [Struct]",
    "(195) integration::structs::NamedAllPrivateFields                  [Struct]",
    "(214) integration::structs::NamedAllPublicFields                   [Struct]",
    "(246) integration::structs::NamedGeneric                           [Struct]",
    "(277) integration::structs::NamedGenericAllPrivate                 [Struct]",
    "(262) integration::structs::NamedGenericWithBound                  [Struct]",
    "(292) integration::structs::NamedGenericWithBoundAllPrivate        [Struct]",
    "(117) integration::structs::Tuple                                  [Struct]",
    "(134) integration::structs::TupleAllPrivate                        [Struct]",
    "(164) integration::structs::TupleGeneric                           [Struct]",
    "(180) integration::structs::TupleGenericWithBound                  [Struct]",
    "(148) integration::structs::TupleWithBound                         [Struct]",
    "(056) integration::structs::Unit                                   [Struct]",
    "(085) integration::structs::UnitGeneric                            [Struct]",
    "(099) integration::structs::UnitGenericWithBound                   [Struct]",
    "(070) integration::structs::UnitWithBound                          [Struct]",
    "(055) integration::submod1                                         [Module]",
    "(008) integration::submod1::AUnitEnum                              [Enum]",
    "(005) integration::submod1::AUnitEnum::A                           [Variant]",
    "(006) integration::submod1::AUnitEnum::B                           [Variant]",
    "(007) integration::submod1::AUnitEnum::C                           [Variant]",
    "(004) integration::submod1::submod2                                [Module]",
    "(003) integration::submod1::submod2::ATraitNeverImplementedForTypes [Trait]",
    "(368) integration::variadic                                        [Function]",
    "(369) integration::variadic_multiline                              [Function]",
]
